> string is new vocabulary{S:1}.
> set := new vocabulary{S:1}.
> rgraph :=new vocabulary{E:2, P:2, s, t}.
> gr is new vocabulary{E:2}.
> set2 is new vocabulary{S:1, E:2, P:2}.
> clique is new vocabulary{E:2, s, t, k}.
> agraph is new vocabulary{A:1,E:2}.
> rs is new vocabulary{R:1, S:1}.
> rs2 is new vocabulary{R:1, s}.
> rtring is new vocabulary{R:1}.
> rtrings is new vocabulary{R:1,s}.
> ste is new vocabulary{E:2,S:1,T:1}.
> empty is new vocabulary{}.
> line := new structure{graph, 20, E:2 := x2=x1+1, s:=0, t:=19}.
> line.t.
:19
> line.s.
:0
> line.E(0,1).
:\t
> line.E(12,10).
:\f
> line.E.
:{(0,1), (1,2), (2,3), (3,4), (4,5), (5,6), (6,7), (7,8), (8,9), (9,10), (10,11), (11,12), (12,13), (13,14), (14,15), (15,16), (16,17), (17,18), (18,19)}
> primes := new structure{set,1000, S:1 is (\A x, y.(x<=x1 & y<=x) : ((x*y=x1)->(x=1|y=1)))}.
> primes.S.
:{(1), (2), (3), (5), (7), (11), (13), (17), (19), (23), (29), (31), (37), (41), (43), (47), (53), (59), (61), (67), (71), (73), (79), (83), (89), (97), (101), (103), (107), (109), (113), (127), (131), (137), (139), (149), (151), (157), (163), (167), (173), (179), (181), (191), (193), (197), (199), (211), (223), (227), (229), (233), (239), (241), (251), (257), (263), (269), (271), (277), (281), (283), (293), (307), (311), (313), (317), (331), (337), (347), (349), (353), (359), (367), (373), (379), (383), (389), (397), (401), (409), (419), (421), (431), (433), (439), (443), (449), (457), (461), (463), (467), (479), (487), (491), (499), (503), (509), (521), (523), (541), (547), (557), (563), (569), (571), (577), (587), (593), (599), (601), (607), (613), (617), (619), (631), (641), (643), (647), (653), (659), (661), (673), (677), (683), (691), (701), (709), (719), (727), (733), (739), (743), (751), (757), (761), (769), (773), (787), (797), (809), (811), (821), (823), (827), (829), (839), (853), (857), (859), (863), (877), (881), (883), (887), (907), (911), (919), (929), (937), (941), (947), (953), (967), (971), (977), (983), (991), (997)}
> rline := new structure{rgraph, 20, E:2 is x2=x1+1, P:2 is TC[x,y:E(x,y)](x1,x2), s is 0, t is 19}.
> rline.P.
:{(0,0), (0,1), (0,2), (0,3), (0,4), (0,5), (0,6), (0,7), (0,8), (0,9), (0,10), (0,11), (0,12), (0,13), (0,14), (0,15), (0,16), (0,17), (0,18), (0,19), (1,1), (1,2), (1,3), (1,4), (1,5), (1,6), (1,7), (1,8), (1,9), (1,10), (1,11), (1,12), (1,13), (1,14), (1,15), (1,16), (1,17), (1,18), (1,19), (2,2), (2,3), (2,4), (2,5), (2,6), (2,7), (2,8), (2,9), (2,10), (2,11), (2,12), (2,13), (2,14), (2,15), (2,16), (2,17), (2,18), (2,19), (3,3), (3,4), (3,5), (3,6), (3,7), (3,8), (3,9), (3,10), (3,11), (3,12), (3,13), (3,14), (3,15), (3,16), (3,17), (3,18), (3,19), (4,4), (4,5), (4,6), (4,7), (4,8), (4,9), (4,10), (4,11), (4,12), (4,13), (4,14), (4,15), (4,16), (4,17), (4,18), (4,19), (5,5), (5,6), (5,7), (5,8), (5,9), (5,10), (5,11), (5,12), (5,13), (5,14), (5,15), (5,16), (5,17), (5,18), (5,19), (6,6), (6,7), (6,8), (6,9), (6,10), (6,11), (6,12), (6,13), (6,14), (6,15), (6,16), (6,17), (6,18), (6,19), (7,7), (7,8), (7,9), (7,10), (7,11), (7,12), (7,13), (7,14), (7,15), (7,16), (7,17), (7,18), (7,19), (8,8), (8,9), (8,10), (8,11), (8,12), (8,13), (8,14), (8,15), (8,16), (8,17), (8,18), (8,19), (9,9), (9,10), (9,11), (9,12), (9,13), (9,14), (9,15), (9,16), (9,17), (9,18), (9,19), (10,10), (10,11), (10,12), (10,13), (10,14), (10,15), (10,16), (10,17), (10,18), (10,19), (11,11), (11,12), (11,13), (11,14), (11,15), (11,16), (11,17), (11,18), (11,19), (12,12), (12,13), (12,14), (12,15), (12,16), (12,17), (12,18), (12,19), (13,13), (13,14), (13,15), (13,16), (13,17), (13,18), (13,19), (14,14), (14,15), (14,16), (14,17), (14,18), (14,19), (15,15), (15,16), (15,17), (15,18), (15,19), (16,16), (16,17), (16,18), (16,19), (17,17), (17,18), (17,19), (18,18), (18,19), (19,19)}
> rch is new bquery{gr, TC[x,y:E(x,y)](0,1)}.
> w5 is new structure{gr, 5, E:2 is (x1=0&x2=3)|(x1=2&x2=1)|(x1=3&x2=4)|(x1=4&x2=2)}.
> rch(w5).
:\t
> primes2 is new structure{set2, 300, S:1 is (\A x, y.(x<x1 & y<=x) : ((x*y=x1)->(x=1|y=1))), E:2 is (x1<x2 & S(x1) & S(x2) & \A x.x1<x & x<x2:~S(x)), P:2 is TC[x,y:E(x,y)](x1,x2)}.
> primes2.S.
:{(0), (1), (2), (3), (5), (7), (11), (13), (17), (19), (23), (29), (31), (37), (41), (43), (47), (53), (59), (61), (67), (71), (73), (79), (83), (89), (97), (101), (103), (107), (109), (113), (127), (131), (137), (139), (149), (151), (157), (163), (167), (173), (179), (181), (191), (193), (197), (199), (211), (223), (227), (229), (233), (239), (241), (251), (257), (263), (269), (271), (277), (281), (283), (293)}
> primes2.E.
:{(0,1), (1,2), (2,3), (3,5), (5,7), (7,11), (11,13), (13,17), (17,19), (19,23), (23,29), (29,31), (31,37), (37,41), (41,43), (43,47), (47,53), (53,59), (59,61), (61,67), (67,71), (71,73), (73,79), (79,83), (83,89), (89,97), (97,101), (101,103), (103,107), (107,109), (109,113), (113,127), (127,131), (131,137), (137,139), (139,149), (149,151), (151,157), (157,163), (163,167), (167,173), (173,179), (179,181), (181,191), (191,193), (193,197), (197,199), (199,211), (211,223), (223,227), (227,229), (229,233), (233,239), (239,241), (241,251), (251,257), (257,263), (263,269), (269,271), (271,277), (277,281), (281,283), (283,293)}
> primes2.P.
:{(0,0), (0,1), (0,2), (0,3), (0,5), (0,7), (0,11), (0,13), (0,17), (0,19), (0,23), (0,29), (0,31), (0,37), (0,41), (0,43), (0,47), (0,53), (0,59), (0,61), (0,67), (0,71), (0,73), (0,79), (0,83), (0,89), (0,97), (0,101), (0,103), (0,107), (0,109), (0,113), (0,127), (0,131), (0,137), (0,139), (0,149), (0,151), (0,157), (0,163), (0,167), (0,173), (0,179), (0,181), (0,191), (0,193), (0,197), (0,199), (0,211), (0,223), (0,227), (0,229), (0,233), (0,239), (0,241), (0,251), (0,257), (0,263), (0,269), (0,271), (0,277), (0,281), (0,283), (0,293), (1,1), (1,2), (1,3), (1,5), (1,7), (1,11), (1,13), (1,17), (1,19), (1,23), (1,29), (1,31), (1,37), (1,41), (1,43), (1,47), (1,53), (1,59), (1,61), (1,67), (1,71), (1,73), (1,79), (1,83), (1,89), (1,97), (1,101), (1,103), (1,107), (1,109), (1,113), (1,127), (1,131), (1,137), (1,139), (1,149), (1,151), (1,157), (1,163), (1,167), (1,173), (1,179), (1,181), (1,191), (1,193), (1,197), (1,199), (1,211), (1,223), (1,227), (1,229), (1,233), (1,239), (1,241), (1,251), (1,257), (1,263), (1,269), (1,271), (1,277), (1,281), (1,283), (1,293), (2,2), (2,3), (2,5), (2,7), (2,11), (2,13), (2,17), (2,19), (2,23), (2,29), (2,31), (2,37), (2,41), (2,43), (2,47), (2,53), (2,59), (2,61), (2,67), (2,71), (2,73), (2,79), (2,83), (2,89), (2,97), (2,101), (2,103), (2,107), (2,109), (2,113), (2,127), (2,131), (2,137), (2,139), (2,149), (2,151), (2,157), (2,163), (2,167), (2,173), (2,179), (2,181), (2,191), (2,193), (2,197), (2,199), (2,211), (2,223), (2,227), (2,229), (2,233), (2,239), (2,241), (2,251), (2,257), (2,263), (2,269), (2,271), (2,277), (2,281), (2,283), (2,293), (3,3), (3,5), (3,7), (3,11), (3,13), (3,17), (3,19), (3,23), (3,29), (3,31), (3,37), (3,41), (3,43), (3,47), (3,53), (3,59), (3,61), (3,67), (3,71), (3,73), (3,79), (3,83), (3,89), (3,97), (3,101), (3,103), (3,107), (3,109), (3,113), (3,127), (3,131), (3,137), (3,139), (3,149), (3,151), (3,157), (3,163), (3,167), (3,173), (3,179), (3,181), (3,191), (3,193), (3,197), (3,199), (3,211), (3,223), (3,227), (3,229), (3,233), (3,239), (3,241), (3,251), (3,257), (3,263), (3,269), (3,271), (3,277), (3,281), (3,283), (3,293), (4,4), (5,5), (5,7), (5,11), (5,13), (5,17), (5,19), (5,23), (5,29), (5,31), (5,37), (5,41), (5,43), (5,47), (5,53), (5,59), (5,61), (5,67), (5,71), (5,73), (5,79), (5,83), (5,89), (5,97), (5,101), (5,103), (5,107), (5,109), (5,113), (5,127), (5,131), (5,137), (5,139), (5,149), (5,151), (5,157), (5,163), (5,167), (5,173), (5,179), (5,181), (5,191), (5,193), (5,197), (5,199), (5,211), (5,223), (5,227), (5,229), (5,233), (5,239), (5,241), (5,251), (5,257), (5,263), (5,269), (5,271), (5,277), (5,281), (5,283), (5,293), (6,6), (7,7), (7,11), (7,13), (7,17), (7,19), (7,23), (7,29), (7,31), (7,37), (7,41), (7,43), (7,47), (7,53), (7,59), (7,61), (7,67), (7,71), (7,73), (7,79), (7,83), (7,89), (7,97), (7,101), (7,103), (7,107), (7,109), (7,113), (7,127), (7,131), (7,137), (7,139), (7,149), (7,151), (7,157), (7,163), (7,167), (7,173), (7,179), (7,181), (7,191), (7,193), (7,197), (7,199), (7,211), (7,223), (7,227), (7,229), (7,233), (7,239), (7,241), (7,251), (7,257), (7,263), (7,269), (7,271), (7,277), (7,281), (7,283), (7,293), (8,8), (9,9), (10,10), (11,11), (11,13), (11,17), (11,19), (11,23), (11,29), (11,31), (11,37), (11,41), (11,43), (11,47), (11,53), (11,59), (11,61), (11,67), (11,71), (11,73), (11,79), (11,83), (11,89), (11,97), (11,101), (11,103), (11,107), (11,109), (11,113), (11,127), (11,131), (11,137), (11,139), (11,149), (11,151), (11,157), (11,163), (11,167), (11,173), (11,179), (11,181), (11,191), (11,193), (11,197), (11,199), (11,211), (11,223), (11,227), (11,229), (11,233), (11,239), (11,241), (11,251), (11,257), (11,263), (11,269), (11,271), (11,277), (11,281), (11,283), (11,293), (12,12), (13,13), (13,17), (13,19), (13,23), (13,29), (13,31), (13,37), (13,41), (13,43), (13,47), (13,53), (13,59), (13,61), (13,67), (13,71), (13,73), (13,79), (13,83), (13,89), (13,97), (13,101), (13,103), (13,107), (13,109), (13,113), (13,127), (13,131), (13,137), (13,139), (13,149), (13,151), (13,157), (13,163), (13,167), (13,173), (13,179), (13,181), (13,191), (13,193), (13,197), (13,199), (13,211), (13,223), (13,227), (13,229), (13,233), (13,239), (13,241), (13,251), (13,257), (13,263), (13,269), (13,271), (13,277), (13,281), (13,283), (13,293), (14,14), (15,15), (16,16), (17,17), (17,19), (17,23), (17,29), (17,31), (17,37), (17,41), (17,43), (17,47), (17,53), (17,59), (17,61), (17,67), (17,71), (17,73), (17,79), (17,83), (17,89), (17,97), (17,101), (17,103), (17,107), (17,109), (17,113), (17,127), (17,131), (17,137), (17,139), (17,149), (17,151), (17,157), (17,163), (17,167), (17,173), (17,179), (17,181), (17,191), (17,193), (17,197), (17,199), (17,211), (17,223), (17,227), (17,229), (17,233), (17,239), (17,241), (17,251), (17,257), (17,263), (17,269), (17,271), (17,277), (17,281), (17,283), (17,293), (18,18), (19,19), (19,23), (19,29), (19,31), (19,37), (19,41), (19,43), (19,47), (19,53), (19,59), (19,61), (19,67), (19,71), (19,73), (19,79), (19,83), (19,89), (19,97), (19,101), (19,103), (19,107), (19,109), (19,113), (19,127), (19,131), (19,137), (19,139), (19,149), (19,151), (19,157), (19,163), (19,167), (19,173), (19,179), (19,181), (19,191), (19,193), (19,197), (19,199), (19,211), (19,223), (19,227), (19,229), (19,233), (19,239), (19,241), (19,251), (19,257), (19,263), (19,269), (19,271), (19,277), (19,281), (19,283), (19,293), (20,20), (21,21), (22,22), (23,23), (23,29), (23,31), (23,37), (23,41), (23,43), (23,47), (23,53), (23,59), (23,61), (23,67), (23,71), (23,73), (23,79), (23,83), (23,89), (23,97), (23,101), (23,103), (23,107), (23,109), (23,113), (23,127), (23,131), (23,137), (23,139), (23,149), (23,151), (23,157), (23,163), (23,167), (23,173), (23,179), (23,181), (23,191), (23,193), (23,197), (23,199), (23,211), (23,223), (23,227), (23,229), (23,233), (23,239), (23,241), (23,251), (23,257), (23,263), (23,269), (23,271), (23,277), (23,281), (23,283), (23,293), (24,24), (25,25), (26,26), (27,27), (28,28), (29,29), (29,31), (29,37), (29,41), (29,43), (29,47), (29,53), (29,59), (29,61), (29,67), (29,71), (29,73), (29,79), (29,83), (29,89), (29,97), (29,101), (29,103), (29,107), (29,109), (29,113), (29,127), (29,131), (29,137), (29,139), (29,149), (29,151), (29,157), (29,163), (29,167), (29,173), (29,179), (29,181), (29,191), (29,193), (29,197), (29,199), (29,211), (29,223), (29,227), (29,229), (29,233), (29,239), (29,241), (29,251), (29,257), (29,263), (29,269), (29,271), (29,277), (29,281), (29,283), (29,293), (30,30), (31,31), (31,37), (31,41), (31,43), (31,47), (31,53), (31,59), (31,61), (31,67), (31,71), (31,73), (31,79), (31,83), (31,89), (31,97), (31,101), (31,103), (31,107), (31,109), (31,113), (31,127), (31,131), (31,137), (31,139), (31,149), (31,151), (31,157), (31,163), (31,167), (31,173), (31,179), (31,181), (31,191), (31,193), (31,197), (31,199), (31,211), (31,223), (31,227), (31,229), (31,233), (31,239), (31,241), (31,251), (31,257), (31,263), (31,269), (31,271), (31,277), (31,281), (31,283), (31,293), (32,32), (33,33), (34,34), (35,35), (36,36), (37,37), (37,41), (37,43), (37,47), (37,53), (37,59), (37,61), (37,67), (37,71), (37,73), (37,79), (37,83), (37,89), (37,97), (37,101), (37,103), (37,107), (37,109), (37,113), (37,127), (37,131), (37,137), (37,139), (37,149), (37,151), (37,157), (37,163), (37,167), (37,173), (37,179), (37,181), (37,191), (37,193), (37,197), (37,199), (37,211), (37,223), (37,227), (37,229), (37,233), (37,239), (37,241), (37,251), (37,257), (37,263), (37,269), (37,271), (37,277), (37,281), (37,283), (37,293), (38,38), (39,39), (40,40), (41,41), (41,43), (41,47), (41,53), (41,59), (41,61), (41,67), (41,71), (41,73), (41,79), (41,83), (41,89), (41,97), (41,101), (41,103), (41,107), (41,109), (41,113), (41,127), (41,131), (41,137), (41,139), (41,149), (41,151), (41,157), (41,163), (41,167), (41,173), (41,179), (41,181), (41,191), (41,193), (41,197), (41,199), (41,211), (41,223), (41,227), (41,229), (41,233), (41,239), (41,241), (41,251), (41,257), (41,263), (41,269), (41,271), (41,277), (41,281), (41,283), (41,293), (42,42), (43,43), (43,47), (43,53), (43,59), (43,61), (43,67), (43,71), (43,73), (43,79), (43,83), (43,89), (43,97), (43,101), (43,103), (43,107), (43,109), (43,113), (43,127), (43,131), (43,137), (43,139), (43,149), (43,151), (43,157), (43,163), (43,167), (43,173), (43,179), (43,181), (43,191), (43,193), (43,197), (43,199), (43,211), (43,223), (43,227), (43,229), (43,233), (43,239), (43,241), (43,251), (43,257), (43,263), (43,269), (43,271), (43,277), (43,281), (43,283), (43,293), (44,44), (45,45), (46,46), (47,47), (47,53), (47,59), (47,61), (47,67), (47,71), (47,73), (47,79), (47,83), (47,89), (47,97), (47,101), (47,103), (47,107), (47,109), (47,113), (47,127), (47,131), (47,137), (47,139), (47,149), (47,151), (47,157), (47,163), (47,167), (47,173), (47,179), (47,181), (47,191), (47,193), (47,197), (47,199), (47,211), (47,223), (47,227), (47,229), (47,233), (47,239), (47,241), (47,251), (47,257), (47,263), (47,269), (47,271), (47,277), (47,281), (47,283), (47,293), (48,48), (49,49), (50,50), (51,51), (52,52), (53,53), (53,59), (53,61), (53,67), (53,71), (53,73), (53,79), (53,83), (53,89), (53,97), (53,101), (53,103), (53,107), (53,109), (53,113), (53,127), (53,131), (53,137), (53,139), (53,149), (53,151), (53,157), (53,163), (53,167), (53,173), (53,179), (53,181), (53,191), (53,193), (53,197), (53,199), (53,211), (53,223), (53,227), (53,229), (53,233), (53,239), (53,241), (53,251), (53,257), (53,263), (53,269), (53,271), (53,277), (53,281), (53,283), (53,293), (54,54), (55,55), (56,56), (57,57), (58,58), (59,59), (59,61), (59,67), (59,71), (59,73), (59,79), (59,83), (59,89), (59,97), (59,101), (59,103), (59,107), (59,109), (59,113), (59,127), (59,131), (59,137), (59,139), (59,149), (59,151), (59,157), (59,163), (59,167), (59,173), (59,179), (59,181), (59,191), (59,193), (59,197), (59,199), (59,211), (59,223), (59,227), (59,229), (59,233), (59,239), (59,241), (59,251), (59,257), (59,263), (59,269), (59,271), (59,277), (59,281), (59,283), (59,293), (60,60), (61,61), (61,67), (61,71), (61,73), (61,79), (61,83), (61,89), (61,97), (61,101), (61,103), (61,107), (61,109), (61,113), (61,127), (61,131), (61,137), (61,139), (61,149), (61,151), (61,157), (61,163), (61,167), (61,173), (61,179), (61,181), (61,191), (61,193), (61,197), (61,199), (61,211), (61,223), (61,227), (61,229), (61,233), (61,239), (61,241), (61,251), (61,257), (61,263), (61,269), (61,271), (61,277), (61,281), (61,283), (61,293), (62,62), (63,63), (64,64), (65,65), (66,66), (67,67), (67,71), (67,73), (67,79), (67,83), (67,89), (67,97), (67,101), (67,103), (67,107), (67,109), (67,113), (67,127), (67,131), (67,137), (67,139), (67,149), (67,151), (67,157), (67,163), (67,167), (67,173), (67,179), (67,181), (67,191), (67,193), (67,197), (67,199), (67,211), (67,223), (67,227), (67,229), (67,233), (67,239), (67,241), (67,251), (67,257), (67,263), (67,269), (67,271), (67,277), (67,281), (67,283), (67,293), (68,68), (69,69), (70,70), (71,71), (71,73), (71,79), (71,83), (71,89), (71,97), (71,101), (71,103), (71,107), (71,109), (71,113), (71,127), (71,131), (71,137), (71,139), (71,149), (71,151), (71,157), (71,163), (71,167), (71,173), (71,179), (71,181), (71,191), (71,193), (71,197), (71,199), (71,211), (71,223), (71,227), (71,229), (71,233), (71,239), (71,241), (71,251), (71,257), (71,263), (71,269), (71,271), (71,277), (71,281), (71,283), (71,293), (72,72), (73,73), (73,79), (73,83), (73,89), (73,97), (73,101), (73,103), (73,107), (73,109), (73,113), (73,127), (73,131), (73,137), (73,139), (73,149), (73,151), (73,157), (73,163), (73,167), (73,173), (73,179), (73,181), (73,191), (73,193), (73,197), (73,199), (73,211), (73,223), (73,227), (73,229), (73,233), (73,239), (73,241), (73,251), (73,257), (73,263), (73,269), (73,271), (73,277), (73,281), (73,283), (73,293), (74,74), (75,75), (76,76), (77,77), (78,78), (79,79), (79,83), (79,89), (79,97), (79,101), (79,103), (79,107), (79,109), (79,113), (79,127), (79,131), (79,137), (79,139), (79,149), (79,151), (79,157), (79,163), (79,167), (79,173), (79,179), (79,181), (79,191), (79,193), (79,197), (79,199), (79,211), (79,223), (79,227), (79,229), (79,233), (79,239), (79,241), (79,251), (79,257), (79,263), (79,269), (79,271), (79,277), (79,281), (79,283), (79,293), (80,80), (81,81), (82,82), (83,83), (83,89), (83,97), (83,101), (83,103), (83,107), (83,109), (83,113), (83,127), (83,131), (83,137), (83,139), (83,149), (83,151), (83,157), (83,163), (83,167), (83,173), (83,179), (83,181), (83,191), (83,193), (83,197), (83,199), (83,211), (83,223), (83,227), (83,229), (83,233), (83,239), (83,241), (83,251), (83,257), (83,263), (83,269), (83,271), (83,277), (83,281), (83,283), (83,293), (84,84), (85,85), (86,86), (87,87), (88,88), (89,89), (89,97), (89,101), (89,103), (89,107), (89,109), (89,113), (89,127), (89,131), (89,137), (89,139), (89,149), (89,151), (89,157), (89,163), (89,167), (89,173), (89,179), (89,181), (89,191), (89,193), (89,197), (89,199), (89,211), (89,223), (89,227), (89,229), (89,233), (89,239), (89,241), (89,251), (89,257), (89,263), (89,269), (89,271), (89,277), (89,281), (89,283), (89,293), (90,90), (91,91), (92,92), (93,93), (94,94), (95,95), (96,96), (97,97), (97,101), (97,103), (97,107), (97,109), (97,113), (97,127), (97,131), (97,137), (97,139), (97,149), (97,151), (97,157), (97,163), (97,167), (97,173), (97,179), (97,181), (97,191), (97,193), (97,197), (97,199), (97,211), (97,223), (97,227), (97,229), (97,233), (97,239), (97,241), (97,251), (97,257), (97,263), (97,269), (97,271), (97,277), (97,281), (97,283), (97,293), (98,98), (99,99), (100,100), (101,101), (101,103), (101,107), (101,109), (101,113), (101,127), (101,131), (101,137), (101,139), (101,149), (101,151), (101,157), (101,163), (101,167), (101,173), (101,179), (101,181), (101,191), (101,193), (101,197), (101,199), (101,211), (101,223), (101,227), (101,229), (101,233), (101,239), (101,241), (101,251), (101,257), (101,263), (101,269), (101,271), (101,277), (101,281), (101,283), (101,293), (102,102), (103,103), (103,107), (103,109), (103,113), (103,127), (103,131), (103,137), (103,139), (103,149), (103,151), (103,157), (103,163), (103,167), (103,173), (103,179), (103,181), (103,191), (103,193), (103,197), (103,199), (103,211), (103,223), (103,227), (103,229), (103,233), (103,239), (103,241), (103,251), (103,257), (103,263), (103,269), (103,271), (103,277), (103,281), (103,283), (103,293), (104,104), (105,105), (106,106), (107,107), (107,109), (107,113), (107,127), (107,131), (107,137), (107,139), (107,149), (107,151), (107,157), (107,163), (107,167), (107,173), (107,179), (107,181), (107,191), (107,193), (107,197), (107,199), (107,211), (107,223), (107,227), (107,229), (107,233), (107,239), (107,241), (107,251), (107,257), (107,263), (107,269), (107,271), (107,277), (107,281), (107,283), (107,293), (108,108), (109,109), (109,113), (109,127), (109,131), (109,137), (109,139), (109,149), (109,151), (109,157), (109,163), (109,167), (109,173), (109,179), (109,181), (109,191), (109,193), (109,197), (109,199), (109,211), (109,223), (109,227), (109,229), (109,233), (109,239), (109,241), (109,251), (109,257), (109,263), (109,269), (109,271), (109,277), (109,281), (109,283), (109,293), (110,110), (111,111), (112,112), (113,113), (113,127), (113,131), (113,137), (113,139), (113,149), (113,151), (113,157), (113,163), (113,167), (113,173), (113,179), (113,181), (113,191), (113,193), (113,197), (113,199), (113,211), (113,223), (113,227), (113,229), (113,233), (113,239), (113,241), (113,251), (113,257), (113,263), (113,269), (113,271), (113,277), (113,281), (113,283), (113,293), (114,114), (115,115), (116,116), (117,117), (118,118), (119,119), (120,120), (121,121), (122,122), (123,123), (124,124), (125,125), (126,126), (127,127), (127,131), (127,137), (127,139), (127,149), (127,151), (127,157), (127,163), (127,167), (127,173), (127,179), (127,181), (127,191), (127,193), (127,197), (127,199), (127,211), (127,223), (127,227), (127,229), (127,233), (127,239), (127,241), (127,251), (127,257), (127,263), (127,269), (127,271), (127,277), (127,281), (127,283), (127,293), (128,128), (129,129), (130,130), (131,131), (131,137), (131,139), (131,149), (131,151), (131,157), (131,163), (131,167), (131,173), (131,179), (131,181), (131,191), (131,193), (131,197), (131,199), (131,211), (131,223), (131,227), (131,229), (131,233), (131,239), (131,241), (131,251), (131,257), (131,263), (131,269), (131,271), (131,277), (131,281), (131,283), (131,293), (132,132), (133,133), (134,134), (135,135), (136,136), (137,137), (137,139), (137,149), (137,151), (137,157), (137,163), (137,167), (137,173), (137,179), (137,181), (137,191), (137,193), (137,197), (137,199), (137,211), (137,223), (137,227), (137,229), (137,233), (137,239), (137,241), (137,251), (137,257), (137,263), (137,269), (137,271), (137,277), (137,281), (137,283), (137,293), (138,138), (139,139), (139,149), (139,151), (139,157), (139,163), (139,167), (139,173), (139,179), (139,181), (139,191), (139,193), (139,197), (139,199), (139,211), (139,223), (139,227), (139,229), (139,233), (139,239), (139,241), (139,251), (139,257), (139,263), (139,269), (139,271), (139,277), (139,281), (139,283), (139,293), (140,140), (141,141), (142,142), (143,143), (144,144), (145,145), (146,146), (147,147), (148,148), (149,149), (149,151), (149,157), (149,163), (149,167), (149,173), (149,179), (149,181), (149,191), (149,193), (149,197), (149,199), (149,211), (149,223), (149,227), (149,229), (149,233), (149,239), (149,241), (149,251), (149,257), (149,263), (149,269), (149,271), (149,277), (149,281), (149,283), (149,293), (150,150), (151,151), (151,157), (151,163), (151,167), (151,173), (151,179), (151,181), (151,191), (151,193), (151,197), (151,199), (151,211), (151,223), (151,227), (151,229), (151,233), (151,239), (151,241), (151,251), (151,257), (151,263), (151,269), (151,271), (151,277), (151,281), (151,283), (151,293), (152,152), (153,153), (154,154), (155,155), (156,156), (157,157), (157,163), (157,167), (157,173), (157,179), (157,181), (157,191), (157,193), (157,197), (157,199), (157,211), (157,223), (157,227), (157,229), (157,233), (157,239), (157,241), (157,251), (157,257), (157,263), (157,269), (157,271), (157,277), (157,281), (157,283), (157,293), (158,158), (159,159), (160,160), (161,161), (162,162), (163,163), (163,167), (163,173), (163,179), (163,181), (163,191), (163,193), (163,197), (163,199), (163,211), (163,223), (163,227), (163,229), (163,233), (163,239), (163,241), (163,251), (163,257), (163,263), (163,269), (163,271), (163,277), (163,281), (163,283), (163,293), (164,164), (165,165), (166,166), (167,167), (167,173), (167,179), (167,181), (167,191), (167,193), (167,197), (167,199), (167,211), (167,223), (167,227), (167,229), (167,233), (167,239), (167,241), (167,251), (167,257), (167,263), (167,269), (167,271), (167,277), (167,281), (167,283), (167,293), (168,168), (169,169), (170,170), (171,171), (172,172), (173,173), (173,179), (173,181), (173,191), (173,193), (173,197), (173,199), (173,211), (173,223), (173,227), (173,229), (173,233), (173,239), (173,241), (173,251), (173,257), (173,263), (173,269), (173,271), (173,277), (173,281), (173,283), (173,293), (174,174), (175,175), (176,176), (177,177), (178,178), (179,179), (179,181), (179,191), (179,193), (179,197), (179,199), (179,211), (179,223), (179,227), (179,229), (179,233), (179,239), (179,241), (179,251), (179,257), (179,263), (179,269), (179,271), (179,277), (179,281), (179,283), (179,293), (180,180), (181,181), (181,191), (181,193), (181,197), (181,199), (181,211), (181,223), (181,227), (181,229), (181,233), (181,239), (181,241), (181,251), (181,257), (181,263), (181,269), (181,271), (181,277), (181,281), (181,283), (181,293), (182,182), (183,183), (184,184), (185,185), (186,186), (187,187), (188,188), (189,189), (190,190), (191,191), (191,193), (191,197), (191,199), (191,211), (191,223), (191,227), (191,229), (191,233), (191,239), (191,241), (191,251), (191,257), (191,263), (191,269), (191,271), (191,277), (191,281), (191,283), (191,293), (192,192), (193,193), (193,197), (193,199), (193,211), (193,223), (193,227), (193,229), (193,233), (193,239), (193,241), (193,251), (193,257), (193,263), (193,269), (193,271), (193,277), (193,281), (193,283), (193,293), (194,194), (195,195), (196,196), (197,197), (197,199), (197,211), (197,223), (197,227), (197,229), (197,233), (197,239), (197,241), (197,251), (197,257), (197,263), (197,269), (197,271), (197,277), (197,281), (197,283), (197,293), (198,198), (199,199), (199,211), (199,223), (199,227), (199,229), (199,233), (199,239), (199,241), (199,251), (199,257), (199,263), (199,269), (199,271), (199,277), (199,281), (199,283), (199,293), (200,200), (201,201), (202,202), (203,203), (204,204), (205,205), (206,206), (207,207), (208,208), (209,209), (210,210), (211,211), (211,223), (211,227), (211,229), (211,233), (211,239), (211,241), (211,251), (211,257), (211,263), (211,269), (211,271), (211,277), (211,281), (211,283), (211,293), (212,212), (213,213), (214,214), (215,215), (216,216), (217,217), (218,218), (219,219), (220,220), (221,221), (222,222), (223,223), (223,227), (223,229), (223,233), (223,239), (223,241), (223,251), (223,257), (223,263), (223,269), (223,271), (223,277), (223,281), (223,283), (223,293), (224,224), (225,225), (226,226), (227,227), (227,229), (227,233), (227,239), (227,241), (227,251), (227,257), (227,263), (227,269), (227,271), (227,277), (227,281), (227,283), (227,293), (228,228), (229,229), (229,233), (229,239), (229,241), (229,251), (229,257), (229,263), (229,269), (229,271), (229,277), (229,281), (229,283), (229,293), (230,230), (231,231), (232,232), (233,233), (233,239), (233,241), (233,251), (233,257), (233,263), (233,269), (233,271), (233,277), (233,281), (233,283), (233,293), (234,234), (235,235), (236,236), (237,237), (238,238), (239,239), (239,241), (239,251), (239,257), (239,263), (239,269), (239,271), (239,277), (239,281), (239,283), (239,293), (240,240), (241,241), (241,251), (241,257), (241,263), (241,269), (241,271), (241,277), (241,281), (241,283), (241,293), (242,242), (243,243), (244,244), (245,245), (246,246), (247,247), (248,248), (249,249), (250,250), (251,251), (251,257), (251,263), (251,269), (251,271), (251,277), (251,281), (251,283), (251,293), (252,252), (253,253), (254,254), (255,255), (256,256), (257,257), (257,263), (257,269), (257,271), (257,277), (257,281), (257,283), (257,293), (258,258), (259,259), (260,260), (261,261), (262,262), (263,263), (263,269), (263,271), (263,277), (263,281), (263,283), (263,293), (264,264), (265,265), (266,266), (267,267), (268,268), (269,269), (269,271), (269,277), (269,281), (269,283), (269,293), (270,270), (271,271), (271,277), (271,281), (271,283), (271,293), (272,272), (273,273), (274,274), (275,275), (276,276), (277,277), (277,281), (277,283), (277,293), (278,278), (279,279), (280,280), (281,281), (281,283), (281,293), (282,282), (283,283), (283,293), (284,284), (285,285), (286,286), (287,287), (288,288), (289,289), (290,290), (291,291), (292,292), (293,293), (294,294), (295,295), (296,296), (297,297), (298,298), (299,299)}
> line2 is new structure{graph, 1000, E:2 := x2=x1+1, s:=0, t:=999}.
> Reach is new bquery{graph, TC[x,y:E(x,y)](s,t)}.
> Reach(line2).
:\t
> line3 is new structure{graph, 100, E:2 := x2=x1+1, s:=0, t:=9}.
> I is new reduction{graph,string,2,\t,S:1 is E(x1,x2)}.
> test is I(line3).
> test.S.
:{(1), (102), (203), (304), (405), (506), (607), (708), (809), (910), (1011), (1112), (1213), (1314), (1415), (1516), (1617), (1718), (1819), (1920), (2021), (2122), (2223), (2324), (2425), (2526), (2627), (2728), (2829), (2930), (3031), (3132), (3233), (3334), (3435), (3536), (3637), (3738), (3839), (3940), (4041), (4142), (4243), (4344), (4445), (4546), (4647), (4748), (4849), (4950), (5051), (5152), (5253), (5354), (5455), (5556), (5657), (5758), (5859), (5960), (6061), (6162), (6263), (6364), (6465), (6566), (6667), (6768), (6869), (6970), (7071), (7172), (7273), (7374), (7475), (7576), (7677), (7778), (7879), (7980), (8081), (8182), (8283), (8384), (8485), (8586), (8687), (8788), (8889), (8990), (9091), (9192), (9293), (9394), (9495), (9596), (9697), (9798), (9899)}
> k3 is new structure{graph, 3, E:2 is ~(x1=x2), s is 0, t is 2}.
> k4 is new structure{graph, 4, E:2 is ~(x1=x2), s is 0, t is 3}.
> k6 is new structure{graph, 6, E:2 is ~(x1=x2), s is 0, t is 5}.
> k8 is new structure{graph, 8, E:2 is ~(x1=x2), s is 0, t is 7}.
> k10 is new structure{graph, 10, E:2 is ~(x1=x2), s is 0, t is 9}.
> thrcolor is new bquery{graph, \E R:1 : \E G:1 : \E B:1 : \A x, y : ((R(x)|G(x)|B(x)) & (E(x,y)->~((R(x)&R(y))|(G(x)&G(y))|(B(x)&B(y)))))}.
> athrcolor is new bquery{graph, \E C:2 . ( \A x, y : (C(x,y)->y<3) ) : (\A x : \E z : C(x,z) & \A x,y, zx, zy. C(x,zx)&C(y,zy):(E(x,y)->~(zx=zy)))}.
> othrcolor is new bquery{graph, \E C:2.(\Ax:((C(0,x)|C(1,x)|C(2,x))&\Ay:(C(y,x)->y<3))):(\Ax, y.((C(0,x)&C(0,y))|(C(1,x)&C(1,y))|(C(2,x)&C(2,y))):~E(x,y))}.
> thrcolor(k6).
:\f
> thrcolor(k8).
:\f
> othrcolor(k3).
:\t
> /* (x1|x2|~x3)&(~x1|x2|x3)&(~x1|~x2|~x3)&(~x1|x2|~x3) */
syntax error
> form1 is new structure{sat, 4, P:2 is (x1=0&(x2=0|x2=1))|(x1=1&(x2=1|x2=2)) | (x1=3&x2=1), N:2 is (x1=0&x2=2)|(x1=1&x2=0)|(x1=2&(x2=0|x2=1|x2=2))|(x1=3&(x2=0|x2=2))}.
> minisat(form1).
:\t
> sosat is new bquery{sat, \E S:1 : \Ax:\Ey: ((S(y)&P(x,y))|(~S(y)&N(x,y)))}.
> sosat(form1).
:\t
> kg3 is new structure{graph, 3, E:2 is ~(x1=x2), s is 0, t is 2}.
> kg4 is new structure{graph, 4, E:2 is ~(x1=x2), s is 0, t is 3}.
> kg10 is new structure{graph, 10, E:2 is ~(x1=x2), s is 0, t is 9}.
> thrcoltosat is new reduction{graph, sat, 3, x1<=3, P:2 is x1=3&x4=0&x2=0&x3=x6&x5<3, N:2 is x4=0 & E(x2,x3) & (x1=x5 & (x6=x2 | x6=x3)) & x1<3}.
> sg3 is thrcoltosat(kg3).
> sg4 is thrcoltosat(kg4).
> sg10 is thrcoltosat(kg10).
> minisat(sg3).
:\t
> minisat(sg4).
:\f
> minisat(sg10).
:\f
> tc5 is new structure{graph,5, E:2 is ~\E x:(x2=x1+3*x|x1=x2+3*x),s is 0, t is 4}.
> ntc5 is new structure{graph,5, E:2 is (x1=1 & x2=4) | ~\E x:(x2=x1+3*x|x1=x2+3*x),s is 0, t is 4}.
> tc10 is new structure{graph,10, E:2 is ~\E x:(x2=x1+3*x|x1=x2+3*x),s is 0, t is 4}.
> ntc10 is new structure{graph,10, E:2 is (x1=7 & x2=4) | ~\E x:(x2=x1+3*x|x1=x2+3*x),s is 0, t is 4}.
> tc15 is new structure{graph,15, E:2 is ~\E x:(x2=x1+3*x|x1=x2+3*x),s is 0, t is 4}.
> ntc15 is new structure{graph,15, E:2 is (x1=11 & x2=14) | ~\E x:(x2=x1+3*x|x1=x2+3*x),s is 0, t is 4}.
> tc100 is new structure{graph,100, E:2 is ~\E x:(x2=x1+3*x|x1=x2+3*x),s is 0, t is 4}.
> ntc100 is new structure{graph,100, E:2 is (x1=76 & x2=79) | ~\E x:(x2=x1+3*x|x1=x2+3*x),s is 0, t is 4}.
> tc1000 is new structure{graph,1000, E:2 is ~\E x:(x2=x1+3*x|x1=x2+3*x),s is 0, t is 4}.
> ntc1000 is new structure{graph,1000, E:2 is (x1=76 & x2=79) | ~\E x:(x2=x1+3*x|x1=x2+3*x),s is 0, t is 4}.
> threecolorwithsat(tc1000).
:\t
> threecolorwithsat(tc100).
:\t
> threecolorwithsat(ntc100).
:\f
> threecolorwithsat(ntc1000).
:\f
> cliquetosat is new reduction{clique,sat,4, x1<k&x2<k, P:2 is x1=0&x2=0&x3=0&x4<k&x4=x8&x5=0&x6=0, N:2 is (x1=0&x2<x3&x3<k&x4=x7&x5=0&x6=0&(x8=x2|x8=x3))|(x1!=0&x1<k&x2<x1&(x3=x7|x4=x7)&((x1=x8&x3=x7)|(x2=x8&x4=x7)))}.
> k5 is new structure{clique, 5, E:2 is \t, s is 0, t is 4, k is 3}.
> s5 is cliquetosat(k5).
> minisat(s5).
:\t
> sattoclique is new reduction{sat, clique, 3, (x3<=2)|(x1=1&x2=1&x3=3), E:2 is (x1!=x4 & x3<3 & x6<3 & (x2=x5-> x3=x6))|((x3=3&x6=1)&P(x4,x5))|((x3=3&x6=2)&N(x4,x5)), s is x1=0 & x2=0 & x3=0, t is x1=0 & x2=1 & x3=0, k is x1=0 & x2=1 & x3=0}.
> kclique is new bquery{clique, \E R:2.\A x, y, z : ((R(x,y)&R(z,y))->x=z):\Aw,x,y,z.(R(w,y)&R(x,z)):((w!=x&y<k&z<k)->E(w,x))}.
> form2 is new structure{sat, 4, P:2 is (x1=0&(x2=0|x2=1))|(x1=1&(x2=1|x2=2)) | (x1=3&x2=1), N:2 is (x1=0&x2=2)|(x1=1&x2=0)|(x1=2&(x2=0|x2=1|x2=2))|(x1=3&(x2=0|x2=2))}.
> kcl2 is sattoclique(form2).
> kclique(kcl2).
:\t
> yd5 is new structure{graph, 5, E:2 is (x2=x1+1|x2=x1+2|x1=x2+1|x1=x2+2), s is 0, t is 4}.
> nd5 is new structure{graph, 5, E:2 is (x2=x1+1|x2=x1+2|x1=x2+1|x1=x2+2) & ((~(x1=1) & ~(x2=1)) | (x1=1 & x2=3)), s is 0, t is 4}.
> yd100 is new structure{graph, 100, E:2 is (x2=x1+1|x2=x1+2|x1=x2+1|x1=x2+2), s is 0, t is 4}.
> nd100 is new structure{graph, 100, E:2 is (x2=x1+1|x2=x1+2|x1=x2+1|x1=x2+2) & ((~(x1=1) & ~(x2=1)) | (x1=1 & x2=3)), s is 0, t is 4}.
> yd1000 is new structure{graph, 1000, E:2 is (x2=x1+1|x2=x1+2|x1=x2+1|x1=x2+2), s is 0, t is 4}.
> nd1000 is new structure{graph, 1000, E:2 is (x2=x1+1|x2=x1+2|x1=x2+1|x1=x2+2) & ((~(x1=1) & ~(x2=1)) | (x1=1 & x2=3)), s is 0, t is 4}.
> threednp is new bquery{graph, \E A:1:\E B:1:\E C:1: \Ax:\E y,u,v:(((A(x)->~(B(x)|C(x)))&(B(x)->~(A(x)|C(x)))&(C(x)->~(A(x)|B(x)))) & (A(x)|(A(y)&E(x,y))) & (B(x)|(B(u)&E(x,u))) & (C(x)|(C(v)&E(x,v))))}.
> threednptosat is new reduction{graph, sat, 2, (x1<=5), P:2 is ((x1=3&x3=0)|(x1=4&x3=1)|(x1=5&x3=2)) & (x2=x4|E(x2,x4)), N:2 is (x2=x4 & ((x1=0&(x3=0|x3=1)) | (x1=1&(x3=1|x3=2)) | (x1=2&(x3=0|x3=2))))}.
> threednp(yd5).
:\t
> threednp(nd5).
:\f
> sd100 is threednptosat(yd100).
> minisat(sd100).
:\t
> sn100 is threednptosat(nd100).
> minisat(sn100).
:\f
> bip6 is mace(graph, \exists x1,x2,x3,x4,y1,y2,y3,y4:(x1!=x2&x1!=x3&x2!=x3&\forall z:(z=x1|z=x2|z=x3|z=x4|z=y1|z=y2|z=y3|z=y4)&\forall z1,z2:(E(z1,z2)->(((z1=x1|z1=x2|z1=x3|z1=x4)&(z2=y1|z2=y2|z2=y3|z2=y4))|((z1=y1|z1=y2|z1=y3|z1=y4)&(z2=x1|z2=x2|z2=x3|z2=x4))))&(x1!=y1&x1!=y2&x1!=y3&x1!=y4&x2!=y1&x2!=y2&x2!=y3&x2!=y4&x3!=y1&x3!=y2&x3!=y3&x3!=y4&x4!=y1&x4!=y2&x4!=y3&x4!=y4)) &\forall x,y:(E(x,y)<->E(y,x)) & \forall x:\exists y:\exists z:\forall z2:(E(x,y)&E(x,z)&y!=z&(E(x,z2)->(y=z2|z=z2)))).
> bip6.E.
:{(0,3), (0,4), (1,3), (1,5), (2,4), (2,5), (3,0), (3,1), (4,0), (4,2), (5,1), (5,2)}
> bipq is new bquery{graph, \exists x1,x2,x3,x4,y1,y2,y3,y4:(x1!=x2&x1!=x3&x2!=x3&\forall z:(z=x1|z=x2|z=x3|z=x4|z=y1|z=y2|z=y3|z=y4)&\forall z1,z2:(E(z1,z2)->(((z1=x1|z1=x2|z1=x3|z1=x4)&(z2=y1|z2=y2|z2=y3|z2=y4))|((z1=y1|z1=y2|z1=y3|z1=y4)&(z2=x1|z2=x2|z2=x3|z2=x4))))&(x1!=y1&x1!=y2&x1!=y3&x1!=y4&x2!=y1&x2!=y2&x2!=y3&x2!=y4&x3!=y1&x3!=y2&x3!=y3&x3!=y4&x4!=y1&x4!=y2&x4!=y3&x4!=y4)) &\forall x,y:(E(x,y)<->E(y,x)) & \forall x:\exists y:\exists z:\forall z2:(E(x,y)&E(x,z)&y!=z&(E(x,z2)->(y=z2|z=z2)))}.
> bipq(bip6).
:\t
> cfi is mace(agraph, \forall x,y:(E(x,y)<->E(y,x))&\exists x:x=9&\forall x,y:(E(x,y)->(A(x)<->~A(y)))&\forall x,y1,y2,z:((A(x)&E(x,y1)&E(x,y2)&E(x,z)&y1!=y2)->(z=y1|z=y2))&\forall x,y1,y2,y3,z:((~A(x)&E(x,y1)&E(x,y2)&E(x,y3)&E(x,z)&y1!=y2&y2!=y3&y1!=y3)->(z=y1|z=y2|z=y3))&\forall x.A(x):\exists y1,y2.y1!=y2:(E(x,y1)&E(x,y2))&\forall x.~A(x):\exists y1,y2,y3.y1!=y2&y2!=y3&y1!=y3:(E(x,y1)&E(x,y2)&E(x,y3))&\forall x1,x2,y1,y2.A(x1)&A(x2)&y1!=y2:((E(x1,y1)&E(x1,y2)&E(x2,y1)&E(x2,y2))->x1=x2)).
> cfi.E.
:{(0,1), (0,2), (0,3), (1,0), (1,4), (2,0), (2,5), (3,0), (3,6), (4,1), (4,7), (4,8), (5,2), (5,7), (5,9), (6,3), (6,8), (6,9), (7,4), (7,5), (8,4), (8,6), (9,5), (9,6)}
> a1 is new bquery{string, \forall x:S(x)}.
> a0 is new bquery{string, \forall x:~S(x)}.
> redfind(a1,a0).
: A0:=new reduction{string,string,1,\t,S:1 is (~S(x1))}.
> f is new bquery{string, \f}.
> t is new bquery{string, \t}.
> redfind(f,t).
r00: No reduction in this search space.
> tg is new bquery{graph, \t}.
> redfind(f,tg).
r00: No reduction in this search space.
> s0 is new bquery{string, ~S(0)}.
> s1 is new bquery{string, S(0)}.
> redfind(s0,s1).
: A0:=new reduction{string,string,1,\t,S:1 is (~S(x1)&x1=0)}.
> a0 is new bquery{string, \forall x:~S(x)}.
22: a0 already exists
> a1 is new bquery{string, \forall x: S(x)}.
22: a1 already exists
> redfind(a0,a1).
: A0:=new reduction{string,string,1,\t,S:1 is (~S(x1))}.
> ge1 is new bquery{gr, E(0,1)}.
> gn1 is new bquery{gr, ~E(1,0)}.
> redfind(ge1,gn1).
: A0:=new reduction{gr,gr,1,\t,E:2 is (~E(x2,x1)&~x1=0)}.
> eras is new bquery{rs, \exists x:R(x)&\forall y:S(y)}.
> e1 is new bquery{string, \exists x:S(x)}.
> redfind(e1, eras).
: A0:=new reduction{string,rs,1,\t,S:1 is (\t),R:1 is (S(x1))}.
> axey is new bquery{gr, \forall x:\exists y:E(x,y)}.
> redfind(eras,axey).
: A0:=new reduction{rs,gr,1,\t,E:2 is (S(x2)&S(x1)&R(x2))}.
> es is new bquery{string, \exists x:S(x)}.
> qrs2 is new bquery{rs2, \exists x.x=s:R(x)}.
> redfind(qrs2, es).
: A0:=new reduction{rs2,string,1,\t,S:1 is (R(s)&R(x1))}.
> redfind(qrs2, es, 3,4,6).
: A0:=new reduction{rs2,string,3,\t,S:1 is (~\t)|(R(s)&~x3=max&x3=x1+1&~x2=0&~x1=max&~x1=x3&x1=x2+1)|(~R(s)&R(x2)&x2=x3&x1=x3&x1=x2+1)|(~R(s)&~\t)}.
> qrs2 is new bquery{rs2, \exists x.x=s:R(x)}.
22: qrs2 already exists
> nqrs2 is new bquery{rs2, ~\exists x.x=s:R(x)}.
> redfind(qrs2,nqrs2).
: A0:=new reduction{rs2,rs2,1,\t,R:1 is (~R(s)),s is (x1=1)}.
> redfind(qrs2,nqrs2,2,2,3).
: A0:=new reduction{rs2,rs2,2,\t,R:1 is (~R(s)&R(x2))|(~R(s)&~R(x2)&~x2=max&~x2=x1+1),s is (x1=2&x2=1)}.
> redfind(qrs2,nqrs2,2,1,5).
: A0:=new reduction{rs2,rs2,2,\t,R:1 is (~R(x1)&~x2=max),s is (x1=s&x2=3)}.
> p2 is new bquery{rtring, \exists x:R(x)}.
> p3 is new bquery{rtring, \forall x:R(x)}.
> p4 is new bquery{rs, \exists x:R(x) | \forall y:S(y)}.
> p5 is new bquery{rs, \exists x:R(x) & \forall y:S(y)}.
> p6 is new bquery{graph, \forall x:\exists y:E(x,y)}.
> p7 is new bquery{graph, \exists x:\forall y:E(x,y)}.
> pp1 is new bquery{rtrings, \exists x.x=s:R(x)}.
> redfind(pp1,p2).
: A0:=new reduction{rtrings,rtring,1,\t,R:1 is (R(s)&R(x1))}.
> redfind(pp1,p3).
: A0:=new reduction{rtrings,rtring,1,\t,R:1 is (R(s))}.
> redfind(p2,p3).
r00: No reduction in this search space.
> redfind(p2,p3,2,3,7).
r00: No reduction in this search space.
> redfind(p2,pp1).
r00: No reduction in this search space.
> redfind(p2,p4).
: A0:=new reduction{rtring,rs,1,\t,S:1 is (~x1=0&\t),R:1 is (R(x1))}.
> redfind(p3,p4).
: A0:=new reduction{rtring,rs,1,\t,S:1 is (R(x1)),R:1 is (~\t)}.
> redfind(p4,p2).
r00: No reduction in this search space.
> redfind(p2,p5).
: A0:=new reduction{rtring,rs,1,\t,S:1 is (\t),R:1 is (R(x1))}.
> redfind(p3,p5).
: A0:=new reduction{rtring,rs,1,\t,S:1 is (R(x1)&\t),R:1 is (~x1=max)}.
> redfind(p4,p6).
r00: No reduction in this search space.
> redfind(p4,p6,1,2,7).
: A0:=new reduction{rs,graph,1,\t,E:2 is (R(x2))|(S(x2)&~x2=x1+1&~x1=x2+1&x1=x2),t is (x1=0),s is (x1=0)}.
> redfind(p4,p7,1,2,7).
: A0:=new reduction{rs,graph,1,\t,E:2 is (S(x2)&S(x1)&~R(x2)&~x1=x2+1&\t)|(R(x1)&\t),t is (x1=0),s is (x1=0)}.
> redfind(p5,p6).
: A0:=new reduction{rs,graph,1,\t,E:2 is (S(x1)&R(x2)),t is (x1=0),s is (x1=0)}.
> redfind(p5,p7).
: A0:=new reduction{rs,graph,1,\t,E:2 is (S(x2)&R(x1)),t is (x1=0),s is (x1=0)}.
> redfind(p6,p7).
r00: No reduction in this search space.
> redfind(p6,p7,1,2,4).
r00: No reduction in this search space.
> redfind(p7,p6,1,2,4).
r00: No reduction in this search space.
> redfind(p7,p5,2,2,3).
: A0:=new reduction{graph,rs,2,\t,S:1 is (~x1=x2+1&\t)|(x1=x2+1),R:1 is (E(x2,t)&E(x2,s)&E(x2,x2)&E(x2,x1)&~x2=t&~x1=t&~x1=x2)|(E(t,t)&E(t,s)&E(t,x2)&E(t,x1)&~x2=max&~x2=s&~x2=x1+1&~x1=s&~x1=x2)}.
> c1 is new bquery{graph, \exists x,y:~E(x,y)}.
> c3 is new bquery{graph, \exists x,y:(E(x,y)&E(y,x))}.
> redfind(c1,c3,1,2,4).
: A0:=new reduction{graph,graph,1,\t,E:2 is (~E(x2,x1)&E(x1,x2))|(~E(x1,x2)),t is (x1=0),s is (x1=0)}.
> a1 is new bquery{graph, \forall x,y:E(x,y)}.
22: a1 already exists
> a2 is new bquery{rs, \forall x:(R(x)&S(x))}.
> a3 is new bquery{rs, \forall x:(R(x)|S(x))}.
> redfind(a1,a2).
: A0:=new reduction{string,rs,1,\t,S:1 is (\t),R:1 is (S(x1))}.
> redfind(a1,a2,2,1,4).
: A0:=new reduction{string,rs,2,\t,S:1 is (\t),R:1 is (S(x1))}.
> redfind(a2,a1).
: A0:=new reduction{rs,string,1,\t,S:1 is (S(x1)&R(x1))}.
> redfind(a1,a3).
: A0:=new reduction{string,rs,1,\t,S:1 is (S(x1)),R:1 is (~\t)}.
> redfind(a3,a1,1,2,4).
: A0:=new reduction{rs,string,1,\t,S:1 is (R(x1)&\t)|(S(x1))}.
> redfind(a2,a3).
: A0:=new reduction{rs,rs,1,\t,S:1 is (S(x1)&R(x1)&\t),R:1 is (~\t)}.
> redfind(a3,a2).
r00: No reduction in this search space.
> redfind(a3,a2,1,2,4).
: A0:=new reduction{rs,rs,1,\t,S:1 is (S(x1))|(R(x1)),R:1 is (R(x1))|(S(x1))}.
> redfind(a3,a2,2,2,7).
: A0:=new reduction{rs,rs,2,\t,S:1 is (S(x1))|(R(x1)&\t),R:1 is (\t)|(~x1=x2&\t)}.
> redfind(a3,a2,3,3,7).
: A0:=new reduction{rs,rs,3,\t,S:1 is (~S(x3)&R(x3))|(S(x3))|(~\t),R:1 is (~\t)|(R(x1))|(S(x1))}.
> rch is new bquery{gr, TC[x,y:E(x,y)](0,1)}.
22: rch already exists
> es is new bquery{s,\exists x:S(x)}.
22: es already exists
> redfind(rch,es,2,1,5).
r00: No reduction in this search space.
> redfind(rch,es,1,1,23).
r00: No reduction in this search space.
> rchlab is new bquery{graph, TC[x,y:E(x,y)](s,t)}.
> sterch is new bquery{ste, \exists x,y.S(x)&T(y):TC[z1,z2:E(z1,z2)](x,y)}.
> redfind(rchlab,sterch).
: A0:=new reduction{graph,ste,1,\t,T:1 is (x1=t&\t),S:1 is (x1=s),E:2 is (E(x1,x2)&~x1=x2)}.
> allrch is new bquery{gr, \forall z1,z2:TC[x,y:E(x,y)](z1,z2)}.
> redfind(rchlab,allrch).
r00: No reduction in this search space.
> redfind(rchlab,allrch,2,1,3).
r00: No reduction in this search space.
> redfind(rchlab,allrch,1,3,4).
: A0:=new reduction{graph,gr,1,\t,E:2 is (E(x2,x1)&~x1=s&~x1=x2)|(x1=s&~x1=x2)|(~E(t,x1)&~E(s,x1)&x2=t&~x1=t&~x1=x2)}.
> redfind(rchlab,allrch,1,3,5).
: A0:=new reduction{graph,gr,1,\t,E:2 is (x2=s&~x1=x2)|(~E(t,x2)&~E(s,x2)&~E(x1,x2)&~x2=t&~x2=s&x1=t&~x1=x2)|(E(x1,x2)&~x2=s&~x1=x2)}.
> redfind(sterch,allrch,1,3,4).
r00: No reduction in this search space.
> ev2 is new bquery{empty, \exists x,y: (x+x=y & (\forall z:\exists z1:(z+z1=y)))}.
> redfind(ev2,allrch).
: A0:=new reduction{empty,gr,1,\t,E:2 is (~x2=x1+1)}.
> redfind(ev2,allrch,1,2,3,6).
r00: No reduction in this search space.
> quit
